// Jest Snapshot v1, https://goo.gl/fbAQLP

exports[`CartController Get all items 1`] = `
Array [
  Object {
    "id": 1,
    "price": 20.2,
    "productName": "Knife",
    "quantity": 2,
  },
  Object {
    "id": 2,
    "price": 15,
    "productName": "Spoon",
    "quantity": 1,
  },
]
`;

exports[`CartController Handle error 1`] = `
Object {
  "error": "Error retrieving items from carts",
}
`;
